Copyright 1986-2015 Xilinx, Inc. All Rights Reserved.
-------------------------------------------------------------------------------------------
| Tool Version : Vivado v.2015.2.1 (lin64) Build 1302555 Wed Aug  5 13:06:02 MDT 2015
| Date         : Tue Dec  1 17:55:57 2015
| Host         : Lappytoppy running 64-bit Linux Mint 17.2 Rafaela
| Command      : report_control_sets -verbose -file system_wrapper_control_sets_placed.rpt
| Design       : system_wrapper
| Device       : xc7z010
-------------------------------------------------------------------------------------------

Control Set Information

Table of Contents
-----------------
1. Summary
2. Flip-Flop Distribution
3. Detailed Control Set Information

1. Summary
----------

+-------------------------------------------------------------------+-------+
|                               Status                              | Count |
+-------------------------------------------------------------------+-------+
| Number of unique control sets                                     |    98 |
| Minimum Number of register sites lost to control set restrictions |   319 |
+-------------------------------------------------------------------+-------+


2. Flip-Flop Distribution
-------------------------

+--------------+-----------------------+------------------------+-----------------+--------------+
| Clock Enable | Synchronous Set/Reset | Asynchronous Set/Reset | Total Registers | Total Slices |
+--------------+-----------------------+------------------------+-----------------+--------------+
| No           | No                    | No                     |             249 |           81 |
| No           | No                    | Yes                    |             246 |           65 |
| No           | Yes                   | No                     |             568 |          170 |
| Yes          | No                    | No                     |             813 |          209 |
| Yes          | No                    | Yes                    |              20 |            5 |
| Yes          | Yes                   | No                     |             273 |           86 |
+--------------+-----------------------+------------------------+-----------------+--------------+


3. Detailed Control Set Information
-----------------------------------

+-----------------------------------------------+----------------------------------------------------------------------------------------------------------------------------------+---------------------------------------------------------------------------------------------------------------------------+------------------+----------------+
|                  Clock Signal                 |                                                           Enable Signal                                                          |                                                      Set/Reset Signal                                                     | Slice Load Count | Bel Load Count |
+-----------------------------------------------+----------------------------------------------------------------------------------------------------------------------------------+---------------------------------------------------------------------------------------------------------------------------+------------------+----------------+
|  system_i/processing_system7_0/inst/FCLK_CLK2 |                                                                                                                                  |                                                                                                                           |                1 |              2 |
|  system_i/processing_system7_0/inst/FCLK_CLK0 | system_i/processing_system7_0_axi_periph/m00_couplers/m00_regslice/inst/aw_pipe/m_payload_i[31]_i_1_n_0                          |                                                                                                                           |                1 |              2 |
|  system_i/processing_system7_0/inst/FCLK_CLK0 | system_i/axi_protocol_converter_0/inst/gen_axilite.gen_b2s_conv.axilite_b2s/WR.b_channel_0/bid_fifo_0/bresp_push                 |                                                                                                                           |                1 |              2 |
|  system_i/processing_system7_0/inst/FCLK_CLK0 | system_i/processing_system7_0_axi_periph/m00_couplers/m00_regslice/inst/ar_pipe/m_payload_i[31]_i_1__1_n_0                       |                                                                                                                           |                1 |              2 |
|  system_i/processing_system7_0/inst/FCLK_CLK0 | system_i/Jaxc_I2S_1/U0/slave/FSM_onehot_crnt[write_state][3]_i_1_n_0                                                             |                                                                                                                           |                1 |              3 |
|  system_i/processing_system7_0/inst/FCLK_CLK0 | system_i/processing_system7_0_axi_periph/m01_couplers/m01_regslice/inst/ar_pipe/m_payload_i[8]_i_1__0_n_0                        |                                                                                                                           |                1 |              3 |
|  system_i/processing_system7_0/inst/FCLK_CLK0 | system_i/processing_system7_0_axi_periph/m01_couplers/m01_regslice/inst/aw_pipe/m_payload_i[8]_i_1_n_0                           |                                                                                                                           |                1 |              3 |
|  system_i/processing_system7_0/inst/FCLK_CLK0 | system_i/processing_system7_0_axi_periph/m02_couplers/m02_regslice/inst/aw_pipe/m_payload_i[8]_i_1_n_0                           |                                                                                                                           |                1 |              3 |
| ~BCLK_OBUF_BUFG                               |                                                                                                                                  |                                                                                                                           |                1 |              3 |
|  system_i/processing_system7_0/inst/FCLK_CLK0 | system_i/processing_system7_0_axi_periph/m02_couplers/m02_regslice/inst/ar_pipe/m_payload_i[8]_i_1__0_n_0                        |                                                                                                                           |                1 |              3 |
|  system_i/processing_system7_0/inst/FCLK_CLK0 | system_i/axi_protocol_converter_0/inst/gen_axilite.gen_b2s_conv.axilite_b2s/RD.ar_channel_0/ar_cmd_fsm_0/axlen_cnt_reg[4]        | system_i/axi_protocol_converter_0/inst/gen_axilite.gen_b2s_conv.axilite_b2s/RD.ar_channel_0/ar_cmd_fsm_0/axlen_cnt_reg[7] |                2 |              4 |
|  system_i/processing_system7_0/inst/FCLK_CLK0 | system_i/axi_protocol_converter_0/inst/gen_axilite.gen_b2s_conv.axilite_b2s/WR.aw_channel_0/aw_cmd_fsm_0/axlen_cnt_reg[4]_0      | system_i/axi_protocol_converter_0/inst/gen_axilite.gen_b2s_conv.axilite_b2s/WR.aw_channel_0/aw_cmd_fsm_0/axlen_cnt_reg[7] |                1 |              4 |
|  system_i/processing_system7_0/inst/FCLK_CLK0 | system_i/xadc_wiz_0/U0/AXI_XADC_CORE_I/D[6]                                                                                      | system_i/xadc_wiz_0/U0/AXI_LITE_IPIF_I/I_SLAVE_ATTACHMENT/reset2ip_reset                                                  |                2 |              4 |
|  system_i/processing_system7_0/inst/FCLK_CLK0 | system_i/SWs_4Bits/U0/AXI_LITE_IPIF_I/I_SLAVE_ATTACHMENT/s_axi_rdata_i[3]_i_1_n_0                                                | system_i/SWs_4Bits/U0/AXI_LITE_IPIF_I/I_SLAVE_ATTACHMENT/SR                                                               |                1 |              4 |
|  system_i/processing_system7_0/inst/FCLK_CLK0 | system_i/BTNs_4Bits/U0/AXI_LITE_IPIF_I/I_SLAVE_ATTACHMENT/s_axi_rdata_i[3]_i_1_n_0                                               | system_i/BTNs_4Bits/U0/AXI_LITE_IPIF_I/I_SLAVE_ATTACHMENT/SR                                                              |                1 |              4 |
|  system_i/processing_system7_0/inst/FCLK_CLK0 | system_i/BTNs_4Bits/U0/AXI_LITE_IPIF_I/I_SLAVE_ATTACHMENT/I_DECODER/Not_Dual.gpio_OE_reg[0][0]                                   | system_i/BTNs_4Bits/U0/AXI_LITE_IPIF_I/I_SLAVE_ATTACHMENT/SR                                                              |                2 |              4 |
|  system_i/processing_system7_0/inst/FCLK_CLK0 | system_i/SWs_4Bits/U0/AXI_LITE_IPIF_I/I_SLAVE_ATTACHMENT/I_DECODER/Not_Dual.gpio_OE_reg[0][0]                                    | system_i/SWs_4Bits/U0/AXI_LITE_IPIF_I/I_SLAVE_ATTACHMENT/SR                                                               |                1 |              4 |
|  system_i/processing_system7_0/inst/FCLK_CLK0 | system_i/axi_protocol_converter_0/inst/gen_axilite.gen_b2s_conv.axilite_b2s/RD.ar_channel_0/ar_cmd_fsm_0/axlen_cnt_reg[4]        |                                                                                                                           |                3 |              4 |
|  system_i/processing_system7_0/inst/FCLK_CLK0 | system_i/processing_system7_0_axi_periph/m01_couplers/m01_regslice/inst/r_pipe/m_payload_i[31]_i_1__0_n_0                        |                                                                                                                           |                2 |              4 |
|  system_i/processing_system7_0/inst/FCLK_CLK0 | system_i/axi_protocol_converter_0/inst/gen_axilite.gen_b2s_conv.axilite_b2s/WR.aw_channel_0/aw_cmd_fsm_0/axlen_cnt_reg[4]_0      |                                                                                                                           |                2 |              4 |
|  system_i/processing_system7_0/inst/FCLK_CLK0 |                                                                                                                                  | system_i/BTNs_4Bits/U0/gpio_core_1/Read_Reg_Rst                                                                           |                1 |              4 |
|  system_i/processing_system7_0/inst/FCLK_CLK0 | system_i/axi_protocol_converter_0/inst/gen_axilite.gen_b2s_conv.axilite_b2s/RD.ar_channel_0/ar_cmd_fsm_0/axlen_cnt_reg[0][0]     |                                                                                                                           |                1 |              4 |
|  system_i/processing_system7_0/inst/FCLK_CLK0 |                                                                                                                                  | system_i/BTNs_4Bits/U0/AXI_LITE_IPIF_I/I_SLAVE_ATTACHMENT/INCLUDE_DPHASE_TIMER.dpto_cnt[3]_i_1_n_0                        |                1 |              4 |
|  system_i/processing_system7_0/inst/FCLK_CLK0 | system_i/processing_system7_0_axi_periph/m02_couplers/m02_regslice/inst/r_pipe/m_payload_i[31]_i_1__0_n_0                        |                                                                                                                           |                1 |              4 |
|  system_i/processing_system7_0/inst/FCLK_CLK0 | system_i/axi_protocol_converter_0/inst/gen_axilite.gen_b2s_conv.axilite_b2s/WR.aw_channel_0/aw_cmd_fsm_0/axlen_cnt_reg[0]_0[0]   |                                                                                                                           |                2 |              4 |
|  system_i/processing_system7_0/inst/FCLK_CLK0 |                                                                                                                                  | system_i/SWs_4Bits/U0/gpio_core_1/Read_Reg_Rst                                                                            |                1 |              4 |
|  system_i/processing_system7_0/inst/FCLK_CLK0 |                                                                                                                                  | system_i/SWs_4Bits/U0/AXI_LITE_IPIF_I/I_SLAVE_ATTACHMENT/INCLUDE_DPHASE_TIMER.dpto_cnt[3]_i_1_n_0                         |                1 |              4 |
| ~BCLK_OBUF_BUFG                               |                                                                                                                                  | system_i/CLK_DIV_1/U0/CLK_out_int_i_1_n_0                                                                                 |                1 |              6 |
|  system_i/processing_system7_0/inst/FCLK_CLK0 |                                                                                                                                  | system_i/xadc_wiz_0/U0/AXI_LITE_IPIF_I/I_SLAVE_ATTACHMENT/p_2_out                                                         |                1 |              7 |
|  system_i/processing_system7_0/inst/FCLK_CLK0 | system_i/processing_system7_0_axi_periph/m04_couplers/m04_regslice/inst/ar_pipe/m_payload_i[31]_i_1__1_n_0                       |                                                                                                                           |                2 |              8 |
|  system_i/processing_system7_0/inst/FCLK_CLK0 | system_i/processing_system7_0_axi_periph/m04_couplers/m04_regslice/inst/aw_pipe/m_payload_i[31]_i_1_n_0                          |                                                                                                                           |                2 |              8 |
|  system_i/processing_system7_0/inst/FCLK_CLK0 | system_i/axi_protocol_converter_0/inst/gen_axilite.gen_b2s_conv.axilite_b2s/WR.b_channel_0/mhandshake_r                          | system_i/axi_protocol_converter_0/inst/gen_axilite.gen_b2s_conv.axilite_b2s/WR.b_channel_0/bid_fifo_0/SR[0]               |                2 |              8 |
|  system_i/processing_system7_0/inst/FCLK_CLK0 | system_i/Jaxc_I2S_1/U0/slave/req_sample/E[0]                                                                                     | system_i/Jaxc_I2S_1/U0/slave/req_sample/cnt_out_reg[0][0]                                                                 |                2 |              8 |
|  system_i/processing_system7_0/inst/FCLK_CLK0 | system_i/processing_system7_0_axi_periph/m02_couplers/m02_regslice/inst/w_pipe/m_payload_i[31]_i_1_n_0                           |                                                                                                                           |                1 |              8 |
|  system_i/processing_system7_0/inst/FCLK_CLK0 |                                                                                                                                  | system_i/axi_protocol_converter_0/inst/gen_axilite.gen_b2s_conv.axilite_b2s/SI_REG/ar_pipe/SR[0]                          |                3 |              8 |
|  system_i/processing_system7_0/inst/FCLK_CLK0 | system_i/processing_system7_0_axi_periph/m01_couplers/m01_regslice/inst/w_pipe/m_payload_i[31]_i_1_n_0                           |                                                                                                                           |                2 |              8 |
|  system_i/processing_system7_0/inst/FCLK_CLK0 | system_i/Jaxc_I2S_1/U0/slave/loc_addr0                                                                                           | system_i/Jaxc_I2S_1/U0/slave/new_input_sample/SR[0]                                                                       |                2 |              9 |
|  system_i/processing_system7_0/inst/FCLK_CLK0 | system_i/processing_system7_0_axi_periph/m03_couplers/m03_regslice/inst/aw_pipe/m_payload_i[31]_i_1_n_0                          |                                                                                                                           |                2 |              9 |
|  system_i/processing_system7_0/inst/FCLK_CLK0 |                                                                                                                                  | system_i/processing_system7_0_axi_periph/m05_couplers/m05_regslice/inst/r_pipe/SR[0]                                      |                2 |             10 |
|  system_i/processing_system7_0/inst/FCLK_CLK0 |                                                                                                                                  | system_i/processing_system7_0_axi_periph/m04_couplers/m04_regslice/inst/r_pipe/SR[0]                                      |                2 |             10 |
|  system_i/processing_system7_0/inst/FCLK_CLK0 |                                                                                                                                  | system_i/processing_system7_0_axi_periph/m03_couplers/m03_regslice/inst/r_pipe/SR[0]                                      |                2 |             10 |
|  system_i/processing_system7_0/inst/FCLK_CLK0 |                                                                                                                                  | system_i/processing_system7_0_axi_periph/m02_couplers/m02_regslice/inst/r_pipe/SR[0]                                      |                2 |             10 |
|  system_i/processing_system7_0/inst/FCLK_CLK0 | system_i/processing_system7_0_axi_periph/m05_couplers/m05_regslice/inst/aw_pipe/m_payload_i[31]_i_1_n_0                          |                                                                                                                           |                3 |             10 |
|  system_i/processing_system7_0/inst/FCLK_CLK0 |                                                                                                                                  | system_i/processing_system7_0_axi_periph/m01_couplers/m01_regslice/inst/r_pipe/SR[0]                                      |                3 |             10 |
|  system_i/processing_system7_0/inst/FCLK_CLK0 | system_i/processing_system7_0_axi_periph/m05_couplers/m05_regslice/inst/ar_pipe/m_payload_i[31]_i_1__0_n_0                       |                                                                                                                           |                2 |             10 |
|  system_i/processing_system7_0/inst/FCLK_CLK0 |                                                                                                                                  | system_i/processing_system7_0_axi_periph/m00_couplers/m00_regslice/inst/r_pipe/SR[0]                                      |                3 |             10 |
|  system_i/processing_system7_0/inst/FCLK_CLK0 | system_i/FIFO_top_0/U0/FIFO/U0/inst_blk_mem_gen/gaxibmg.axi_wr_fsm/axi_wr_fsm/E[0]                                               | system_i/FIFO_top_0/U0/FIFO/U0/inst_blk_mem_gen/gaxibmg.axi_wr_fsm/axi_wr_fsm/AR[0]                                       |                3 |             10 |
|  system_i/processing_system7_0/inst/FCLK_CLK0 | system_i/FIFO_top_0/U0/FIFO/U0/inst_blk_mem_gen/gaxibmg.axi_rd_sm/axi_read_fsm/E[0]                                              | system_i/FIFO_top_0/U0/FIFO/U0/inst_blk_mem_gen/gaxibmg.axi_wr_fsm/axi_wr_fsm/AR[0]                                       |                2 |             10 |
|  system_i/processing_system7_0/inst/FCLK_CLK0 | system_i/processing_system7_0/inst/FCLK_RESET0_N                                                                                 |                                                                                                                           |                4 |             11 |
|  system_i/processing_system7_0/inst/FCLK_CLK0 | system_i/axi_protocol_converter_0/inst/gen_axilite.gen_b2s_conv.axilite_b2s/RD.ar_channel_0/ar_cmd_fsm_0/axaddr_incr_reg[0]      |                                                                                                                           |                3 |             12 |
|  system_i/processing_system7_0/inst/FCLK_CLK0 | system_i/axi_protocol_converter_0/inst/gen_axilite.gen_b2s_conv.axilite_b2s/WR.aw_channel_0/aw_cmd_fsm_0/axaddr_incr_reg[0]      |                                                                                                                           |                3 |             12 |
|  system_i/processing_system7_0/inst/FCLK_CLK0 | system_i/axi_protocol_converter_0/inst/gen_axilite.gen_b2s_conv.axilite_b2s/WR.aw_channel_0/aw_cmd_fsm_0/E[0]                    |                                                                                                                           |                5 |             12 |
|  system_i/processing_system7_0/inst/FCLK_CLK0 | system_i/axi_protocol_converter_0/inst/gen_axilite.gen_b2s_conv.axilite_b2s/WR.aw_channel_0/aw_cmd_fsm_0/axaddr_wrap_reg[0][0]   |                                                                                                                           |                5 |             12 |
|  system_i/processing_system7_0/inst/FCLK_CLK0 | system_i/axi_protocol_converter_0/inst/gen_axilite.gen_b2s_conv.axilite_b2s/RD.ar_channel_0/ar_cmd_fsm_0/E[0]                    |                                                                                                                           |                4 |             12 |
|  system_i/processing_system7_0/inst/FCLK_CLK0 | system_i/axi_protocol_converter_0/inst/gen_axilite.gen_b2s_conv.axilite_b2s/RD.ar_channel_0/ar_cmd_fsm_0/axaddr_wrap_reg[0][0]   |                                                                                                                           |                4 |             12 |
|  system_i/processing_system7_0/inst/FCLK_CLK0 | system_i/axi_protocol_converter_0/inst/gen_axilite.gen_b2s_conv.axilite_b2s/RD.r_channel_0/r_push_r                              |                                                                                                                           |                4 |             13 |
|  system_i/processing_system7_0/inst/FCLK_CLK0 |                                                                                                                                  | system_i/FIFO_top_0/U0/FIFO/U0/inst_blk_mem_gen/gaxibmg.axi_wr_fsm/axi_wr_fsm/AR[0]                                       |                4 |             13 |
|  system_i/processing_system7_0/inst/FCLK_CLK0 | system_i/processing_system7_0_axi_periph/m03_couplers/m03_regslice/inst/r_pipe/m_payload_i[31]_i_1__2_n_0                        |                                                                                                                           |                6 |             14 |
|  system_i/processing_system7_0/inst/FCLK_CLK0 | system_i/axi_protocol_converter_0/inst/gen_axilite.gen_b2s_conv.axilite_b2s/SI_REG/b_pipe/p_1_in                                 |                                                                                                                           |                2 |             14 |
|  system_i/processing_system7_0/inst/FCLK_CLK0 | system_i/axi_protocol_converter_0/inst/gen_axilite.gen_b2s_conv.axilite_b2s/SI_REG/b_pipe/skid_buffer_reg[0]_0                   |                                                                                                                           |                2 |             14 |
|  system_i/processing_system7_0/inst/FCLK_CLK0 |                                                                                                                                  | system_i/processing_system7_0_axi_periph/xbar/inst/gen_sasd.crossbar_sasd_0/addr_arbiter_inst/SR[0]                       |                6 |             14 |
|  system_i/CLK_DIV_1/U0/CLK_out                |                                                                                                                                  | system_i/CLK_test_0/U0/LED_out[3]_i_2_n_0                                                                                 |                7 |             16 |
|  system_i/processing_system7_0/inst/FCLK_CLK0 |                                                                                                                                  | system_i/BTNs_4Bits/U0/AXI_LITE_IPIF_I/I_SLAVE_ATTACHMENT/SR                                                              |                4 |             16 |
|  system_i/processing_system7_0/inst/FCLK_CLK0 |                                                                                                                                  | system_i/xadc_wiz_0/U0/AXI_LITE_IPIF_I/I_SLAVE_ATTACHMENT/do_reg_reg[15][0]                                               |                3 |             16 |
|  system_i/processing_system7_0/inst/FCLK_CLK0 |                                                                                                                                  | system_i/SWs_4Bits/U0/AXI_LITE_IPIF_I/I_SLAVE_ATTACHMENT/SR                                                               |                6 |             16 |
|  system_i/processing_system7_0/inst/FCLK_CLK0 | system_i/xadc_wiz_0/U0/AXI_LITE_IPIF_I/I_SLAVE_ATTACHMENT/I_DECODER/ip_irpt_enable_reg_reg[16]                                   | system_i/xadc_wiz_0/U0/AXI_LITE_IPIF_I/I_SLAVE_ATTACHMENT/reset2ip_reset                                                  |                7 |             17 |
|  system_i/processing_system7_0/inst/FCLK_CLK0 | system_i/processing_system7_0_axi_periph/m04_couplers/m04_regslice/inst/r_pipe/m_payload_i[31]_i_1__2_n_0                        |                                                                                                                           |                6 |             20 |
|  system_i/processing_system7_0/inst/FCLK_CLK0 | system_i/xadc_wiz_0/U0/AXI_LITE_IPIF_I/I_SLAVE_ATTACHMENT/s_axi_rdata_i[31]_i_1_n_0                                              | system_i/xadc_wiz_0/U0/AXI_LITE_IPIF_I/I_SLAVE_ATTACHMENT/SR[0]                                                           |                6 |             20 |
|  system_i/processing_system7_0/inst/FCLK_CLK0 | system_i/axi_protocol_converter_0/inst/gen_axilite.gen_b2s_conv.axilite_b2s/WR.aw_channel_0/aw_cmd_fsm_0/m_payload_i_reg[0]      |                                                                                                                           |                4 |             20 |
|  system_i/processing_system7_0/inst/FCLK_CLK0 | system_i/processing_system7_0_axi_periph/m04_couplers/m04_regslice/inst/w_pipe/m_payload_i[31]_i_1__0_n_0                        |                                                                                                                           |                5 |             22 |
|  system_i/processing_system7_0/inst/FCLK_CLK0 |                                                                                                                                  | system_i/xadc_wiz_0/U0/AXI_LITE_IPIF_I/I_SLAVE_ATTACHMENT/SR[0]                                                           |                7 |             22 |
|  BCLK_OBUF_BUFG                               |                                                                                                                                  | system_i/CLK_test_0/U0/LED_out[3]_i_2_n_0                                                                                 |                7 |             23 |
|  system_i/processing_system7_0/inst/FCLK_CLK0 | system_i/xadc_wiz_0/U0/AXI_LITE_IPIF_I/I_SLAVE_ATTACHMENT/I_DECODER/start                                                        | system_i/xadc_wiz_0/U0/AXI_LITE_IPIF_I/I_SLAVE_ATTACHMENT/I_DECODER/cs_ce_clr                                             |                8 |             25 |
|  system_i/processing_system7_0/inst/FCLK_CLK0 | system_i/processing_system7_0_axi_periph/xbar/inst/gen_sasd.crossbar_sasd_0/addr_arbiter_inst/p_0_in1_in                         | system_i/processing_system7_0_axi_periph/xbar/inst/gen_sasd.crossbar_sasd_0/addr_arbiter_inst/SR[0]                       |                9 |             30 |
| ~BCLK_OBUF_BUFG                               | system_i/Jaxc_I2S_1/U0/slave/I2S/crnt[sample_r][0]_i_1_n_0                                                                       | system_i/Jaxc_I2S_1/U0/slave/new_input_sample/SR[0]                                                                       |                5 |             32 |
| ~BCLK_OBUF_BUFG                               | system_i/Jaxc_I2S_1/U0/slave/I2S/nxt[state][0]                                                                                   | system_i/Jaxc_I2S_1/U0/slave/new_input_sample/SR[0]                                                                       |               10 |             32 |
|  system_i/processing_system7_0/inst/FCLK_CLK0 | system_i/processing_system7_0_axi_periph/m00_couplers/m00_regslice/inst/r_pipe/m_payload_i[31]_i_1__2_n_0                        |                                                                                                                           |               16 |             32 |
|  system_i/processing_system7_0/inst/FCLK_CLK0 | system_i/Jaxc_I2S_1/U0/slave/slv_reg_in[31]_i_1_n_0                                                                              | system_i/Jaxc_I2S_1/U0/slave/new_input_sample/SR[0]                                                                       |                5 |             32 |
|  system_i/processing_system7_0/inst/FCLK_CLK0 | system_i/MyLED_0/U0/MyLED_v1_0_S_AXI_inst/axi_rdata[31]_i_1_n_0                                                                  | system_i/MyLED_0/U0/MyLED_v1_0_S_AXI_inst/axi_awready_i_1_n_0                                                             |               20 |             32 |
|  system_i/processing_system7_0/inst/FCLK_CLK0 | system_i/processing_system7_0_axi_periph/m03_couplers/m03_regslice/inst/w_pipe/m_payload_i[31]_i_1__0_n_0                        |                                                                                                                           |                5 |             32 |
|  system_i/processing_system7_0/inst/FCLK_CLK0 | system_i/processing_system7_0_axi_periph/m05_couplers/m05_regslice/inst/r_pipe/skid_buffer_reg[0]_0                              |                                                                                                                           |               10 |             34 |
|  system_i/processing_system7_0/inst/FCLK_CLK0 | system_i/processing_system7_0_axi_periph/m05_couplers/m05_regslice/inst/r_pipe/m_payload_i[31]_i_1__2_n_0                        |                                                                                                                           |               11 |             34 |
|  system_i/processing_system7_0/inst/FCLK_CLK0 | system_i/axi_protocol_converter_0/inst/gen_axilite.gen_b2s_conv.axilite_b2s/RD.r_channel_0/rd_data_fifo_0/wr_en0                 |                                                                                                                           |               10 |             34 |
|  system_i/processing_system7_0/inst/FCLK_CLK0 | system_i/processing_system7_0_axi_periph/m00_couplers/m00_regslice/inst/w_pipe/m_payload_i[31]_i_1__0_n_0                        |                                                                                                                           |               15 |             36 |
|  system_i/processing_system7_0/inst/FCLK_CLK0 | system_i/processing_system7_0_axi_periph/m05_couplers/m05_regslice/inst/w_pipe/skid_buffer_reg[0]_0                              |                                                                                                                           |                6 |             36 |
|  system_i/processing_system7_0/inst/FCLK_CLK0 | system_i/processing_system7_0_axi_periph/m05_couplers/m05_regslice/inst/w_pipe/m_payload_i[31]_i_1__1_n_0                        |                                                                                                                           |                6 |             36 |
|  system_i/processing_system7_0/inst/FCLK_CLK0 | system_i/axi_protocol_converter_0/inst/gen_axilite.gen_b2s_conv.axilite_b2s/SI_REG/r_pipe/p_1_in                                 |                                                                                                                           |               10 |             47 |
|  system_i/processing_system7_0/inst/FCLK_CLK0 | system_i/axi_protocol_converter_0/inst/gen_axilite.gen_b2s_conv.axilite_b2s/SI_REG/r_pipe/skid_buffer_reg[0]_0                   |                                                                                                                           |               10 |             47 |
|  system_i/processing_system7_0/inst/FCLK_CLK0 | system_i/axi_protocol_converter_0/inst/gen_axilite.gen_b2s_conv.axilite_b2s/SI_REG/ar_pipe/skid_buffer_reg[0]_0                  |                                                                                                                           |               12 |             52 |
|  system_i/processing_system7_0/inst/FCLK_CLK0 | system_i/axi_protocol_converter_0/inst/gen_axilite.gen_b2s_conv.axilite_b2s/RD.ar_channel_0/ar_cmd_fsm_0/m_payload_i_reg[0][0]   |                                                                                                                           |                9 |             52 |
|  system_i/processing_system7_0/inst/FCLK_CLK0 | system_i/axi_protocol_converter_0/inst/gen_axilite.gen_b2s_conv.axilite_b2s/SI_REG/aw_pipe/skid_buffer_reg[0]_0                  |                                                                                                                           |                9 |             52 |
|  system_i/processing_system7_0/inst/FCLK_CLK0 | system_i/axi_protocol_converter_0/inst/gen_axilite.gen_b2s_conv.axilite_b2s/WR.aw_channel_0/aw_cmd_fsm_0/m_payload_i_reg[0]_0[0] |                                                                                                                           |                9 |             52 |
|  system_i/processing_system7_0/inst/FCLK_CLK0 |                                                                                                                                  | system_i/axi_protocol_converter_0/inst/gen_axilite.gen_b2s_conv.axilite_b2s/areset_d1                                     |               15 |             69 |
|  system_i/processing_system7_0/inst/FCLK_CLK0 |                                                                                                                                  | system_i/xadc_wiz_0/U0/AXI_LITE_IPIF_I/I_SLAVE_ATTACHMENT/reset2ip_reset                                                  |               32 |            113 |
| ~BCLK_OBUF_BUFG                               |                                                                                                                                  | system_i/Jaxc_I2S_1/U0/slave/new_input_sample/SR[0]                                                                       |               27 |            128 |
|  system_i/processing_system7_0/inst/FCLK_CLK0 |                                                                                                                                  | system_i/MyLED_0/U0/MyLED_v1_0_S_AXI_inst/axi_awready_i_1_n_0                                                             |               51 |            135 |
|  system_i/processing_system7_0/inst/FCLK_CLK0 |                                                                                                                                  | system_i/Jaxc_I2S_1/U0/slave/new_input_sample/SR[0]                                                                       |               43 |            136 |
|  system_i/processing_system7_0/inst/FCLK_CLK0 |                                                                                                                                  |                                                                                                                           |               79 |            244 |
+-----------------------------------------------+----------------------------------------------------------------------------------------------------------------------------------+---------------------------------------------------------------------------------------------------------------------------+------------------+----------------+


